Removed Pin From Net: NetName=SWCLK Pin=J1-3
Removed Pin From Net: NetName=RESET Pin=J1-9
Removed Pin From Net: NetName=VCC_2 Pin=J1-13
Removed Pin From Net: NetName=Rx Pin=J1-17
Removed Pin From Net: NetName=Tx Pin=J1-19
Removed Pin From Net: NetName=V_1 Pin=J1-SH1
Removed Pin From Net: NetName=V_1 Pin=J1-SH2
Removed Pin From Net: NetName=V_1 Pin=J1-SH3
Removed Pin From Net: NetName=V_1 Pin=J1-SH4
Removed Pin From Net: NetName=VCC_2 Pin=J2-2
Removed Pin From Net: NetName=SWCLK Pin=J2-9
Removed Pin From Net: NetName=RESET Pin=J2-15
Change Component Footprint: Designator=J2 Old Footprint=SBH11-PBPC-D10-ST-BK New Footprint=SWITCHCRAFT_RAHHD19TR
Change Component Footprint: Designator=J1 Old Footprint=SWITCHCRAFT_RAHHD19TR New Footprint=SBH11-PBPC-D10-ST-BK
Change Component Comment : Designator=J1 Old Comment=RAHHD19TR New Comment=SBH11-PBPC-D10-ST-BK
Change Component Comment : Designator=J2 Old Comment=SBH11-PBPC-D10-ST-BK New Comment=RAHHD19TR
Change component parameters: Designator = "J1" ("J1"); Footprint = "SWITCHCRAFT_RAHHD19TR"; UniqueID = "\SHXELCKH" ("\SHXELCKH")
Change component parameters (AddParameter): Name = "Category"; Value = "Connectors"; VariantName = "[No Variations]"
Change component parameters (AddParameter): Name = "ComponentLink1Description"; Value = "https://datasheet.ciiva.com/730/sbh11-pbpc-dxx-st-xx-730919.pdf?src-supplier=Digikey"; VariantName = "[No Variations]"
Change component parameters (AddParameter): Name = "ComponentLink1URL"; Value = "https://datasheet.ciiva.com/730/sbh11-pbpc-dxx-st-xx-730919.pdf?src-supplier=Digikey"; VariantName = "[No Variations]"
Change component parameters (AddParameter): Name = "ComponentLink2Description"; Value = "Chipdip link"; VariantName = "[No Variations]"
Change component parameters (AddParameter): Name = "ComponentLink2URL"; Value = "https://www.chipdip.ru/product0/8005812384"; VariantName = "[No Variations]"
Change component parameters (AddParameter): Name = "Manufacturer"; Value = "Sullins"; VariantName = "[No Variations]"
Change component parameters (AddParameter): Name = "Manufacturer Part Number"; Value = "SBH11-PBPC-D10-ST-BK"; VariantName = "[No Variations]"
Change component parameters (AddParameter): Name = "Pricing"; Value = "1=0,65, 10=0,496, 80=0,38963, 440=0,32211, 945=0,29663, 4900=0,25024, 10000=0,2457 (USD)"; VariantName = "[No Variations]"
Change component parameters (AddParameter): Name = "RoHS"; Value = "Yes"; VariantName = "[No Variations]"
Change component parameters (AddParameter): Name = "Stock"; Value = "20189"; VariantName = "[No Variations]"
Change component parameters (AddParameter): Name = "Supplier"; Value = "Digikey"; VariantName = "[No Variations]"
Change component parameters (AddParameter): Name = "Supplier 1"; Value = "https://www.chipdip.ru/product0/8005812384"; VariantName = "[No Variations]"
Change component parameters (AddParameter): Name = "Supplier Part Number"; Value = "S9172-ND"; VariantName = "[No Variations]"
Change component parameters: Designator = "J2" ("J2"); Footprint = "SBH11-PBPC-D10-ST-BK"; UniqueID = "\MFJVDKAU" ("\MFJVDKAU")
Change component parameters (AddParameter): Name = "Availability"; Value = "In Stock"; VariantName = "[No Variations]"
Change component parameters (AddParameter): Name = "Check_prices"; Value = "https://www.snapeda.com/parts/RAHHD19TR/Switchcraft+%252F+Conxall/view-part/?ref=eda"; VariantName = "[No Variations]"
Change component parameters (AddParameter): Name = "ComponentLink1Description"; Value = "Chipdip link"; VariantName = "[No Variations]"
Change component parameters (AddParameter): Name = "ComponentLink1URL"; Value = "https://www.chipdip.ru/product0/8007174530"; VariantName = "[No Variations]"
Change component parameters (AddParameter): Name = "MF"; Value = "Switchcraft Inc."; VariantName = "[No Variations]"
Change component parameters (AddParameter): Name = "MP"; Value = "RAHHD19TR"; VariantName = "[No Variations]"
Change component parameters (AddParameter): Name = "Package"; Value = "None"; VariantName = "[No Variations]"
Change component parameters (AddParameter): Name = "Price"; Value = "None"; VariantName = "[No Variations]"
Change component parameters (AddParameter): Name = "Purchase-URL"; Value = "https://pricing.snapeda.com/search/part/RAHHD19TR/?ref=eda"; VariantName = "[No Variations]"
Change component parameters (AddParameter): Name = "SnapEDA_Link"; Value = "https://www.snapeda.com/parts/RAHHD19TR/Switchcraft+%252F+Conxall/view-part/?ref=snap"; VariantName = "[No Variations]"
Change component parameters (AddParameter): Name = "Supplier 1"; Value = "https://www.chipdip.ru/product0/8007174530"; VariantName = "[No Variations]"
Change component parameters (AddParameter): Name = "Value"; Value = ""; VariantName = "[No Variations]"
Added Pin To Net: NetName=VCC_2 Pin=J1-2
Added Pin To Net: NetName=SWCLK Pin=J1-9
Added Pin To Net: NetName=RESET Pin=J1-15
Added Pin To Net: NetName=SWCLK Pin=J2-3
Added Pin To Net: NetName=RESET Pin=J2-9
Added Pin To Net: NetName=VCC_2 Pin=J2-13
Added Pin To Net: NetName=Rx Pin=J2-17
Added Pin To Net: NetName=Tx Pin=J2-19
Added Pin To Net: NetName=V_1 Pin=J2-SH1
Added Pin To Net: NetName=V_1 Pin=J2-SH2
Added Pin To Net: NetName=V_1 Pin=J2-SH3
Added Pin To Net: NetName=V_1 Pin=J2-SH4
